Test run for c:\Users\HP\source\repos\macquires-crm\Tests\ASPNET.E2E.Tests\bin\Release\net9.0\ASPNET.E2E.Tests.dll (.NETCoreApp,Version=v9.0)
A total of 1 test files matched the specified pattern.
dotnet : [xUnit.net 00:00:22.03]     
ASPNET.E2E.Tests.UI.LiveDemo.TelecomBssLiveExecutiveDemoTests.ExecutiveDemo_RunAllScenarios_Sequentially [FAIL]
At C:\Users\HP\AppData\Local\Temp\ps-script-3b36549b-4b65-4ca5-985b-de6ae0c9e9db.ps1:91 char:1
+ dotnet test "c:\Users\HP\source\repos\macquires-crm\Tests\ASPNET.E2E. ...
+ ~~~~~~~~~~~~~~~~~~~~~~~~~~~~~~~~~~~~~~~~~~~~~~~~~~~~~~~~~~~~~~~~~~~~~
    + CategoryInfo          : NotSpecified: ([xUnit.net 00:0...entially [FAIL]:String) [], RemoteException
    + FullyQualifiedErrorId : NativeCommandError
 
  Failed ASPNET.E2E.Tests.UI.LiveDemo.TelecomBssLiveExecutiveDemoTests.ExecutiveDemo_RunAllScenarios_Sequentially [1 ms]
  Error Message:
   System.InvalidOperationException : Sequence contains no elements
  Stack Trace:
     at System.Linq.ThrowHelper.ThrowNoElementsException()
   at System.Linq.Enumerable.First[TSource](IEnumerable`1 source)
   at ASPNET.E2E.Tests.Infrastructure.NsuiteWebApplicationFactory.CreateHost(IHostBuilder builder) in c:\Users\HP\source\repos\macquires-crm\Tests\ASPNET.E2E.Tests\Infrastructure\NsuiteWebApplicationFactory.cs:line 41
   at Microsoft.AspNetCore.Mvc.Testing.WebApplicationFactory`1.ConfigureHostBuilder(IHostBuilder hostBuilder)
   at Microsoft.AspNetCore.Mvc.Testing.WebApplicationFactory`1.EnsureServer()
   at Microsoft.AspNetCore.Mvc.Testing.WebApplicationFactory`1.CreateDefaultClient(DelegatingHandler[] handlers)
   at Microsoft.AspNetCore.Mvc.Testing.WebApplicationFactory`1.CreateDefaultClient(Uri baseAddress, DelegatingHandler[] handlers)
   at Microsoft.AspNetCore.Mvc.Testing.WebApplicationFactory`1.CreateClient(WebApplicationFactoryClientOptions options)
   at ASPNET.E2E.Tests.Infrastructure.TelecomE2EFixture.InitializeAsync() in c:\Users\HP\source\repos\macquires-crm\Tests\ASPNET.E2E.Tests\Infrastructure\TelecomE2EFixture.cs:line 51

Failed!  - Failed:     1, Passed:     0, Skipped:     0, Total:     1, Duration: 1 ms - ASPNET.E2E.Tests.dll (net9.0)
